// Jest Snapshot v1, https://goo.gl/fbAQLP

exports[`App should render properly 1`] = `
.c0 {
  font-size: 40px;
  font-weight: 700;
  color: inherit;
}

<div>
  <strong
    class="c0"
  >
    React Redux Typescript boilerplate
  </strong>
</div>
`;
